
> youtube-summarize-extension@1.0.0 test
> jest src/popup/languageSelectionManager.test.ts

  console.log
    [YouTube Summarize] Language preference saved: tr

      at src/popup/languageSelectionManager.ts:75:15

  console.log
    [YouTube Summarize] Language preference saved: en

      at src/popup/languageSelectionManager.ts:75:15

  console.warn
    [YouTube Summarize] Invalid language: invalid

    [0m [90m 67 |[39m   setSelectedLanguage(language[33m:[39m [33mSupportedLanguage[39m)[33m:[39m boolean {
     [90m 68 |[39m     [36mif[39m ([33m![39m[36mthis[39m[33m.[39misValidLanguage(language)) {
    [31m[1m>[22m[39m[90m 69 |[39m       console[33m.[39mwarn([32m`[YouTube Summarize] Invalid language: ${language}`[39m)[33m;[39m
     [90m    |[39m               [31m[1m^[22m[39m
     [90m 70 |[39m       [36mreturn[39m [36mfalse[39m[33m;[39m
     [90m 71 |[39m     }
     [90m 72 |[39m[0m

      at LanguageSelectionManager.setSelectedLanguage (src/popup/languageSelectionManager.ts:69:15)
      at Object.<anonymous> (src/popup/languageSelectionManager.test.ts:83:30)

  console.log
    [YouTube Summarize] Language preference saved: tr

      at src/popup/languageSelectionManager.ts:75:15

  console.log
    [YouTube Summarize] Language availability updated: [ 'en' ]

      at LanguageSelectionManager.updateAvailability (src/popup/languageSelectionManager.ts:128:13)

  console.log
    [YouTube Summarize] Language availability updated: [ 'tr' ]

      at LanguageSelectionManager.updateAvailability (src/popup/languageSelectionManager.ts:128:13)

  console.log
    [YouTube Summarize] Language availability updated: []

      at LanguageSelectionManager.updateAvailability (src/popup/languageSelectionManager.ts:128:13)

  console.log
    [YouTube Summarize] Language availability updated: [ 'invalid', 'en', 'tr' ]

      at LanguageSelectionManager.updateAvailability (src/popup/languageSelectionManager.ts:128:13)

  console.log
    [YouTube Summarize] Language preference saved: tr

      at src/popup/languageSelectionManager.ts:75:15

  console.log
    [YouTube Summarize] Language preference saved: tr

      at src/popup/languageSelectionManager.ts:75:15

  console.log
    [YouTube Summarize] Language preference saved: tr

      at src/popup/languageSelectionManager.ts:75:15

  console.log
    [YouTube Summarize] Language preference saved: en

      at src/popup/languageSelectionManager.ts:75:15

  console.log
    [YouTube Summarize] Language preference saved: tr

      at src/popup/languageSelectionManager.ts:75:15

  console.log
    [YouTube Summarize] Language preference saved: tr

      at src/popup/languageSelectionManager.ts:75:15

  console.log
    [YouTube Summarize] Language availability updated: [ 'tr', 'en' ]

      at LanguageSelectionManager.updateAvailability (src/popup/languageSelectionManager.ts:128:13)

  console.log
    [YouTube Summarize] Language availability updated: [ 'en' ]

      at LanguageSelectionManager.updateAvailability (src/popup/languageSelectionManager.ts:128:13)

  console.log
    [YouTube Summarize] Language preference saved: tr

      at src/popup/languageSelectionManager.ts:75:15

  console.log
    [YouTube Summarize] Language preference saved: tr

      at src/popup/languageSelectionManager.ts:75:15

  console.log
    [YouTube Summarize] Language availability updated: [ 'tr' ]

      at LanguageSelectionManager.updateAvailability (src/popup/languageSelectionManager.ts:128:13)

node.exe : FAIL src/popup/languageSelectionManager.test.ts
At C:\Program Files\nodejs\npm.ps1:29 char:3
+   & $NODE_EXE $NPM_CLI_JS $args
+   ~~~~~~~~~~~~~~~~~~~~~~~~~~~~~
    + CategoryInfo          : NotSpecified: (FAIL src/popup/...Manager.test.ts:String) [], RemoteException
    + FullyQualifiedErrorId : NativeCommandError
 
  LanguageSelectionManager
    Initialization
      ÔêÜ should initialize with default language (English) (2 ms)
      ÔêÜ should load preferred language from storage
      ÔêÜ should validate stored language before using
      ÔêÜ should initialize all languages as available (1 ms)
    Language Selection
      ÔêÜ should set selected language to Turkish (14 ms)
      ÔêÜ should set selected language to English (2 ms)
      ÔêÜ should reject invalid language codes (3 ms)
      ÔêÜ should persist language to chrome storage (1 ms)
    Language Options
      ÔêÜ should return all language options
      ÔêÜ should include Turkish language details (1 ms)
      ÔêÜ should include English language details
      ÔêÜ should get specific language option by code
      ÔêÜ should return undefined for invalid language code (1 ms)
    Language Availability
      ÔêÜ should check if language is available
      ÔêÜ should update available languages (1 ms)
      ÔêÜ should reflect availability in language options (1 ms)
      ÔêÜ should handle empty availability list (1 ms)
      ÔêÜ should ignore invalid language codes in update (1 ms)
    Default Language
      ÔêÜ should return English as default language
      ÔêÜ should mark English as default in options
      ÔêÜ should reset to default language (4 ms)
      ├ù should persist default language to storage on reset (1 ms)
    State Persistence
      ÔêÜ should maintain selected language across method calls (1 ms)
      ÔêÜ should handle rapid language changes (2 ms)
      ÔêÜ should log language changes
    Integration Scenarios
      ÔêÜ should handle complete workflow: load ÔåÆ change ÔåÆ save ÔåÆ verify (1 ms)
      ÔêÜ should handle language selection with limited availability (1 ms)
      ÔêÜ should provide complete language state (2 ms)
    Error Handling
      ÔêÜ should handle chrome storage errors gracefully
      ÔêÜ should log warnings for invalid languages
      ├ù should log availability updates

  ÔùÅ LanguageSelectionManager ÔÇ║ Default Language ÔÇ║ should persist default language to storage on reset

    expect(jest.fn()).toHaveBeenCalledWith(...expected)

    - Expected
    + Received

      {"preferredLanguage": "en"},
    - Any<Function>,

    Number of calls: 1

    [0m [90m 196 |[39m     it([32m'should persist default language to storage on reset'[39m[33m,[39m () [3
3m=>[39m {
     [90m 197 |[39m       manager[33m.[39mresetToDefault()[33m;[39m
    [31m[1m>[22m[39m[90m 198 |[39m       expect(mockChrome[33m.[39mstorage[33m.[39mlocal[33m.[39m[36m
set[39m)[33m.[39mtoHaveBeenCalledWith(
     [90m     |[39m                                            [31m[1m^[22m[39m
     [90m 199 |[39m         { preferredLanguage[33m:[39m [32m'en'[39m }[33m,[39m
     [90m 200 |[39m         expect[33m.[39many([33mFunction[39m)
     [90m 201 |[39m       )[33m;[39m[0m

      at Object.<anonymous> (src/popup/languageSelectionManager.test.ts:198:44)

  ÔùÅ LanguageSelectionManager ÔÇ║ Error Handling ÔÇ║ should log availability updates

    expect(jest.fn()).toHaveBeenCalledWith(...expected)

    Expected: StringContaining "[YouTube Summarize] Language availability updated"
    Received: "[YouTube Summarize] Language availability updated:", ["en", "tr"]

    Number of calls: 1

    [0m [90m 308 |[39m       [36mconst[39m logSpy [33m=[39m jest[33m.[39mspyOn(console[33m,[39m [32m'l
og'[39m)[33m.[39mmockImplementation()[33m;[39m
     [90m 309 |[39m       manager[33m.[39mupdateAvailability([[32m'en'[39m[33m,[39m [32m'tr'[39m])[33m;
[39m
    [31m[1m>[22m[39m[90m 310 |[39m       expect(logSpy)[33m.[39mtoHaveBeenCalledWith(
     [90m     |[39m                      [31m[1m^[22m[39m
     [90m 311 |[39m         expect[33m.[39mstringContaining([32m'[YouTube Summarize] Language availability up
dated'[39m)
     [90m 312 |[39m       )[33m;[39m
     [90m 313 |[39m       logSpy[33m.[39mmockRestore()[33m;[39m[0m

      at Object.<anonymous> (src/popup/languageSelectionManager.test.ts:310:22)

Test Suites: 1 failed, 1 total
Tests:       2 failed, 29 passed, 31 total
Snapshots:   0 total
Time:        1.025 s
Ran all test suites matching src/popup/languageSelectionManager.test.ts.
